// Jest Snapshot v1, https://goo.gl/fbAQLP

exports[`should render AddDepensePage correctly 1`] = `
<div>
  <h1>
    Add Depense
  </h1>
  <DepenseForm
    onSubmit={[Function]}
  />
</div>
`;
